[2026-08-24 21:40:24] dataset=syn_reg_p_lt_n_low_q solver=irlba randomized_seed=NA n=240 p=40 q=5
[2026-08-24 21:40:24] dataset=syn_reg_p_lt_n_low_q solver=rsvd randomized_seed=1 n=240 p=40 q=5
[2026-08-24 21:40:25] dataset=syn_reg_p_lt_n_low_q solver=rsvd randomized_seed=7 n=240 p=40 q=5
[2026-08-24 21:40:25] dataset=syn_reg_p_lt_n_low_q solver=rsvd randomized_seed=19 n=240 p=40 q=5
[2026-08-24 21:40:26] dataset=syn_reg_p_lt_n_low_q solver=rsvd randomized_seed=43 n=240 p=40 q=5
[2026-08-24 21:40:27] dataset=syn_reg_p_lt_n_low_q solver=rsvd randomized_seed=123 n=240 p=40 q=5
[2026-08-24 21:40:27] dataset=syn_reg_p_gt_n solver=irlba randomized_seed=NA n=80 p=300 q=6
[2026-08-24 21:40:28] dataset=syn_reg_p_gt_n solver=rsvd randomized_seed=1 n=80 p=300 q=6
[2026-08-24 21:40:28] dataset=syn_reg_p_gt_n solver=rsvd randomized_seed=7 n=80 p=300 q=6
[2026-08-24 21:40:29] dataset=syn_reg_p_gt_n solver=rsvd randomized_seed=19 n=80 p=300 q=6
[2026-08-24 21:40:29] dataset=syn_reg_p_gt_n solver=rsvd randomized_seed=43 n=80 p=300 q=6
[2026-08-24 21:40:30] dataset=syn_reg_p_gt_n solver=rsvd randomized_seed=123 n=80 p=300 q=6
[2026-08-24 21:40:31] dataset=syn_reg_high_rank_y solver=irlba randomized_seed=NA n=180 p=90 q=40
[2026-08-24 21:40:31] dataset=syn_reg_high_rank_y solver=rsvd randomized_seed=1 n=180 p=90 q=40
[2026-08-24 21:40:32] dataset=syn_reg_high_rank_y solver=rsvd randomized_seed=7 n=180 p=90 q=40
[2026-08-24 21:40:33] dataset=syn_reg_high_rank_y solver=rsvd randomized_seed=19 n=180 p=90 q=40
[2026-08-24 21:40:33] dataset=syn_reg_high_rank_y solver=rsvd randomized_seed=43 n=180 p=90 q=40
[2026-08-24 21:40:34] dataset=syn_reg_high_rank_y solver=rsvd randomized_seed=123 n=180 p=90 q=40
[2026-08-24 21:40:35] dataset=syn_reg_ill_conditioned solver=irlba randomized_seed=NA n=180 p=80 q=8
[2026-08-24 21:40:35] dataset=syn_reg_ill_conditioned solver=rsvd randomized_seed=1 n=180 p=80 q=8
[2026-08-24 21:40:36] dataset=syn_reg_ill_conditioned solver=rsvd randomized_seed=7 n=180 p=80 q=8
[2026-08-24 21:40:36] dataset=syn_reg_ill_conditioned solver=rsvd randomized_seed=19 n=180 p=80 q=8
[2026-08-24 21:40:37] dataset=syn_reg_ill_conditioned solver=rsvd randomized_seed=43 n=180 p=80 q=8
[2026-08-24 21:40:37] dataset=syn_reg_ill_conditioned solver=rsvd randomized_seed=123 n=180 p=80 q=8
[2026-08-24 21:40:38] dataset=syn_reg_rank_deficient solver=irlba randomized_seed=NA n=150 p=100 q=8
[2026-08-24 21:40:39] dataset=syn_reg_rank_deficient solver=rsvd randomized_seed=1 n=150 p=100 q=8
[2026-08-24 21:40:39] dataset=syn_reg_rank_deficient solver=rsvd randomized_seed=7 n=150 p=100 q=8
[2026-08-24 21:40:40] dataset=syn_reg_rank_deficient solver=rsvd randomized_seed=19 n=150 p=100 q=8
[2026-08-24 21:40:40] dataset=syn_reg_rank_deficient solver=rsvd randomized_seed=43 n=150 p=100 q=8
[2026-08-24 21:40:41] dataset=syn_reg_rank_deficient solver=rsvd randomized_seed=123 n=150 p=100 q=8
[2026-08-24 21:40:41] dataset=syn_cls_p_lt_n_low_rank solver=irlba randomized_seed=NA n=300 p=40 q=4
[2026-08-24 21:40:42] dataset=syn_cls_p_lt_n_low_rank solver=rsvd randomized_seed=1 n=300 p=40 q=4
[2026-08-24 21:40:43] dataset=syn_cls_p_lt_n_low_rank solver=rsvd randomized_seed=7 n=300 p=40 q=4
[2026-08-24 21:40:43] dataset=syn_cls_p_lt_n_low_rank solver=rsvd randomized_seed=19 n=300 p=40 q=4
[2026-08-24 21:40:44] dataset=syn_cls_p_lt_n_low_rank solver=rsvd randomized_seed=43 n=300 p=40 q=4
[2026-08-24 21:40:44] dataset=syn_cls_p_lt_n_low_rank solver=rsvd randomized_seed=123 n=300 p=40 q=4
[2026-08-24 21:40:45] dataset=syn_cls_p_gt_n_high_rank solver=irlba randomized_seed=NA n=120 p=300 q=12
[2026-08-24 21:40:45] dataset=syn_cls_p_gt_n_high_rank solver=rsvd randomized_seed=1 n=120 p=300 q=12
[2026-08-24 21:40:46] dataset=syn_cls_p_gt_n_high_rank solver=rsvd randomized_seed=7 n=120 p=300 q=12
[2026-08-24 21:40:47] dataset=syn_cls_p_gt_n_high_rank solver=rsvd randomized_seed=19 n=120 p=300 q=12
[2026-08-24 21:40:47] dataset=syn_cls_p_gt_n_high_rank solver=rsvd randomized_seed=43 n=120 p=300 q=12
[2026-08-24 21:40:48] dataset=syn_cls_p_gt_n_high_rank solver=rsvd randomized_seed=123 n=120 p=300 q=12
[2026-08-24 21:40:48] dataset=syn_cls_ill_conditioned solver=irlba randomized_seed=NA n=180 p=120 q=6
[2026-08-24 21:40:49] dataset=syn_cls_ill_conditioned solver=rsvd randomized_seed=1 n=180 p=120 q=6
[2026-08-24 21:40:50] dataset=syn_cls_ill_conditioned solver=rsvd randomized_seed=7 n=180 p=120 q=6
[2026-08-24 21:40:50] dataset=syn_cls_ill_conditioned solver=rsvd randomized_seed=19 n=180 p=120 q=6
[2026-08-24 21:40:51] dataset=syn_cls_ill_conditioned solver=rsvd randomized_seed=43 n=180 p=120 q=6
[2026-08-24 21:40:51] dataset=syn_cls_ill_conditioned solver=rsvd randomized_seed=123 n=180 p=120 q=6
[2026-08-24 21:40:52] dataset=syn_reg_p_lt_n_low_q solver=irlba randomized_seed=NA n=240 p=40 q=5
[2026-08-24 21:40:52] dataset=syn_reg_p_lt_n_low_q solver=rsvd randomized_seed=1 n=240 p=40 q=5
[2026-08-24 21:40:52] dataset=syn_reg_p_lt_n_low_q solver=rsvd randomized_seed=7 n=240 p=40 q=5
[2026-08-24 21:40:52] dataset=syn_reg_p_lt_n_low_q solver=rsvd randomized_seed=19 n=240 p=40 q=5
[2026-08-24 21:40:52] dataset=syn_reg_p_lt_n_low_q solver=rsvd randomized_seed=43 n=240 p=40 q=5
[2026-08-24 21:40:52] dataset=syn_reg_p_lt_n_low_q solver=rsvd randomized_seed=123 n=240 p=40 q=5
[2026-08-24 21:40:52] dataset=syn_reg_p_gt_n solver=irlba randomized_seed=NA n=80 p=300 q=6
[2026-08-24 21:40:53] dataset=syn_reg_p_gt_n solver=rsvd randomized_seed=1 n=80 p=300 q=6
[2026-08-24 21:40:53] dataset=syn_reg_p_gt_n solver=rsvd randomized_seed=7 n=80 p=300 q=6
[2026-08-24 21:40:53] dataset=syn_reg_p_gt_n solver=rsvd randomized_seed=19 n=80 p=300 q=6
[2026-08-24 21:40:53] dataset=syn_reg_p_gt_n solver=rsvd randomized_seed=43 n=80 p=300 q=6
[2026-08-24 21:40:53] dataset=syn_reg_p_gt_n solver=rsvd randomized_seed=123 n=80 p=300 q=6
[2026-08-24 21:40:53] dataset=syn_reg_high_rank_y solver=irlba randomized_seed=NA n=180 p=90 q=40
[2026-08-24 21:40:53] dataset=syn_reg_high_rank_y solver=rsvd randomized_seed=1 n=180 p=90 q=40
[2026-08-24 21:40:53] dataset=syn_reg_high_rank_y solver=rsvd randomized_seed=7 n=180 p=90 q=40
[2026-08-24 21:40:53] dataset=syn_reg_high_rank_y solver=rsvd randomized_seed=19 n=180 p=90 q=40
[2026-08-24 21:40:54] dataset=syn_reg_high_rank_y solver=rsvd randomized_seed=43 n=180 p=90 q=40
[2026-08-24 21:40:54] dataset=syn_reg_high_rank_y solver=rsvd randomized_seed=123 n=180 p=90 q=40
[2026-08-24 21:40:54] dataset=syn_reg_ill_conditioned solver=irlba randomized_seed=NA n=180 p=80 q=8
[2026-08-24 21:40:54] dataset=syn_reg_ill_conditioned solver=rsvd randomized_seed=1 n=180 p=80 q=8
[2026-08-24 21:40:54] dataset=syn_reg_ill_conditioned solver=rsvd randomized_seed=7 n=180 p=80 q=8
[2026-08-24 21:40:54] dataset=syn_reg_ill_conditioned solver=rsvd randomized_seed=19 n=180 p=80 q=8
[2026-08-24 21:40:54] dataset=syn_reg_ill_conditioned solver=rsvd randomized_seed=43 n=180 p=80 q=8
[2026-08-24 21:40:54] dataset=syn_reg_ill_conditioned solver=rsvd randomized_seed=123 n=180 p=80 q=8
[2026-08-24 21:40:54] dataset=syn_reg_rank_deficient solver=irlba randomized_seed=NA n=150 p=100 q=8
[2026-08-24 21:40:55] dataset=syn_reg_rank_deficient solver=rsvd randomized_seed=1 n=150 p=100 q=8
[2026-08-24 21:40:55] dataset=syn_reg_rank_deficient solver=rsvd randomized_seed=7 n=150 p=100 q=8
[2026-08-24 21:40:55] dataset=syn_reg_rank_deficient solver=rsvd randomized_seed=19 n=150 p=100 q=8
[2026-08-24 21:40:55] dataset=syn_reg_rank_deficient solver=rsvd randomized_seed=43 n=150 p=100 q=8
[2026-08-24 21:40:55] dataset=syn_reg_rank_deficient solver=rsvd randomized_seed=123 n=150 p=100 q=8
[2026-08-24 21:40:55] dataset=syn_cls_p_lt_n_low_rank solver=irlba randomized_seed=NA n=300 p=40 q=4
[2026-08-24 21:40:55] dataset=syn_cls_p_lt_n_low_rank solver=rsvd randomized_seed=1 n=300 p=40 q=4
[2026-08-24 21:40:55] dataset=syn_cls_p_lt_n_low_rank solver=rsvd randomized_seed=7 n=300 p=40 q=4
[2026-08-24 21:40:55] dataset=syn_cls_p_lt_n_low_rank solver=rsvd randomized_seed=19 n=300 p=40 q=4
[2026-08-24 21:40:55] dataset=syn_cls_p_lt_n_low_rank solver=rsvd randomized_seed=43 n=300 p=40 q=4
[2026-08-24 21:40:56] dataset=syn_cls_p_lt_n_low_rank solver=rsvd randomized_seed=123 n=300 p=40 q=4
[2026-08-24 21:40:56] dataset=syn_cls_p_gt_n_high_rank solver=irlba randomized_seed=NA n=120 p=300 q=12
[2026-08-24 21:40:56] dataset=syn_cls_p_gt_n_high_rank solver=rsvd randomized_seed=1 n=120 p=300 q=12
[2026-08-24 21:40:56] dataset=syn_cls_p_gt_n_high_rank solver=rsvd randomized_seed=7 n=120 p=300 q=12
[2026-08-24 21:40:56] dataset=syn_cls_p_gt_n_high_rank solver=rsvd randomized_seed=19 n=120 p=300 q=12
[2026-08-24 21:40:56] dataset=syn_cls_p_gt_n_high_rank solver=rsvd randomized_seed=43 n=120 p=300 q=12
[2026-08-24 21:40:56] dataset=syn_cls_p_gt_n_high_rank solver=rsvd randomized_seed=123 n=120 p=300 q=12
[2026-08-24 21:40:56] dataset=syn_cls_ill_conditioned solver=irlba randomized_seed=NA n=180 p=120 q=6
[2026-08-24 21:40:56] dataset=syn_cls_ill_conditioned solver=rsvd randomized_seed=1 n=180 p=120 q=6
[2026-08-24 21:40:56] dataset=syn_cls_ill_conditioned solver=rsvd randomized_seed=7 n=180 p=120 q=6
[2026-08-24 21:40:57] dataset=syn_cls_ill_conditioned solver=rsvd randomized_seed=19 n=180 p=120 q=6
[2026-08-24 21:40:57] dataset=syn_cls_ill_conditioned solver=rsvd randomized_seed=43 n=180 p=120 q=6
[2026-08-24 21:40:57] dataset=syn_cls_ill_conditioned solver=rsvd randomized_seed=123 n=180 p=120 q=6
[2026-08-24 21:40:57] dataset=syn_reg_p_lt_n_low_q solver=irlba randomized_seed=NA n=240 p=40 q=5
[2026-08-24 21:40:57] dataset=syn_reg_p_lt_n_low_q solver=rsvd randomized_seed=1 n=240 p=40 q=5
[2026-08-24 21:40:57] dataset=syn_reg_p_lt_n_low_q solver=rsvd randomized_seed=7 n=240 p=40 q=5
[2026-08-24 21:40:57] dataset=syn_reg_p_lt_n_low_q solver=rsvd randomized_seed=19 n=240 p=40 q=5
[2026-08-24 21:40:57] dataset=syn_reg_p_lt_n_low_q solver=rsvd randomized_seed=43 n=240 p=40 q=5
[2026-08-24 21:40:57] dataset=syn_reg_p_lt_n_low_q solver=rsvd randomized_seed=123 n=240 p=40 q=5
[2026-08-24 21:40:57] dataset=syn_reg_p_gt_n solver=irlba randomized_seed=NA n=80 p=300 q=6
[2026-08-24 21:40:58] dataset=syn_reg_p_gt_n solver=rsvd randomized_seed=1 n=80 p=300 q=6
[2026-08-24 21:40:58] dataset=syn_reg_p_gt_n solver=rsvd randomized_seed=7 n=80 p=300 q=6
[2026-08-24 21:40:58] dataset=syn_reg_p_gt_n solver=rsvd randomized_seed=19 n=80 p=300 q=6
[2026-08-24 21:40:58] dataset=syn_reg_p_gt_n solver=rsvd randomized_seed=43 n=80 p=300 q=6
[2026-08-24 21:40:58] dataset=syn_reg_p_gt_n solver=rsvd randomized_seed=123 n=80 p=300 q=6
[2026-08-24 21:40:58] dataset=syn_reg_high_rank_y solver=irlba randomized_seed=NA n=180 p=90 q=40
[2026-08-24 21:40:58] dataset=syn_reg_high_rank_y solver=rsvd randomized_seed=1 n=180 p=90 q=40
[2026-08-24 21:40:58] dataset=syn_reg_high_rank_y solver=rsvd randomized_seed=7 n=180 p=90 q=40
[2026-08-24 21:40:58] dataset=syn_reg_high_rank_y solver=rsvd randomized_seed=19 n=180 p=90 q=40
[2026-08-24 21:40:59] dataset=syn_reg_high_rank_y solver=rsvd randomized_seed=43 n=180 p=90 q=40
[2026-08-24 21:40:59] dataset=syn_reg_high_rank_y solver=rsvd randomized_seed=123 n=180 p=90 q=40
[2026-08-24 21:40:59] dataset=syn_reg_ill_conditioned solver=irlba randomized_seed=NA n=180 p=80 q=8
[2026-08-24 21:40:59] dataset=syn_reg_ill_conditioned solver=rsvd randomized_seed=1 n=180 p=80 q=8
[2026-08-24 21:40:59] dataset=syn_reg_ill_conditioned solver=rsvd randomized_seed=7 n=180 p=80 q=8
[2026-08-24 21:40:59] dataset=syn_reg_ill_conditioned solver=rsvd randomized_seed=19 n=180 p=80 q=8
[2026-08-24 21:40:59] dataset=syn_reg_ill_conditioned solver=rsvd randomized_seed=43 n=180 p=80 q=8
[2026-08-24 21:40:59] dataset=syn_reg_ill_conditioned solver=rsvd randomized_seed=123 n=180 p=80 q=8
[2026-08-24 21:40:59] dataset=syn_reg_rank_deficient solver=irlba randomized_seed=NA n=150 p=100 q=8
[2026-08-24 21:41:00] dataset=syn_reg_rank_deficient solver=rsvd randomized_seed=1 n=150 p=100 q=8
[2026-08-24 21:41:00] dataset=syn_reg_rank_deficient solver=rsvd randomized_seed=7 n=150 p=100 q=8
[2026-08-24 21:41:00] dataset=syn_reg_rank_deficient solver=rsvd randomized_seed=19 n=150 p=100 q=8
[2026-08-24 21:41:00] dataset=syn_reg_rank_deficient solver=rsvd randomized_seed=43 n=150 p=100 q=8
[2026-08-24 21:41:00] dataset=syn_reg_rank_deficient solver=rsvd randomized_seed=123 n=150 p=100 q=8
[2026-08-24 21:41:00] dataset=syn_cls_p_lt_n_low_rank solver=irlba randomized_seed=NA n=300 p=40 q=4
[2026-08-24 21:41:00] dataset=syn_cls_p_lt_n_low_rank solver=rsvd randomized_seed=1 n=300 p=40 q=4
[2026-08-24 21:41:00] dataset=syn_cls_p_lt_n_low_rank solver=rsvd randomized_seed=7 n=300 p=40 q=4
[2026-08-24 21:41:00] dataset=syn_cls_p_lt_n_low_rank solver=rsvd randomized_seed=19 n=300 p=40 q=4
[2026-08-24 21:41:00] dataset=syn_cls_p_lt_n_low_rank solver=rsvd randomized_seed=43 n=300 p=40 q=4
[2026-08-24 21:41:01] dataset=syn_cls_p_lt_n_low_rank solver=rsvd randomized_seed=123 n=300 p=40 q=4
[2026-08-24 21:41:01] dataset=syn_cls_p_gt_n_high_rank solver=irlba randomized_seed=NA n=120 p=300 q=12
[2026-08-24 21:41:01] dataset=syn_cls_p_gt_n_high_rank solver=rsvd randomized_seed=1 n=120 p=300 q=12
[2026-08-24 21:41:01] dataset=syn_cls_p_gt_n_high_rank solver=rsvd randomized_seed=7 n=120 p=300 q=12
[2026-08-24 21:41:01] dataset=syn_cls_p_gt_n_high_rank solver=rsvd randomized_seed=19 n=120 p=300 q=12
[2026-08-24 21:41:01] dataset=syn_cls_p_gt_n_high_rank solver=rsvd randomized_seed=43 n=120 p=300 q=12
[2026-08-24 21:41:01] dataset=syn_cls_p_gt_n_high_rank solver=rsvd randomized_seed=123 n=120 p=300 q=12
[2026-08-24 21:41:01] dataset=syn_cls_ill_conditioned solver=irlba randomized_seed=NA n=180 p=120 q=6
[2026-08-24 21:41:01] dataset=syn_cls_ill_conditioned solver=rsvd randomized_seed=1 n=180 p=120 q=6
[2026-08-24 21:41:02] dataset=syn_cls_ill_conditioned solver=rsvd randomized_seed=7 n=180 p=120 q=6
[2026-08-24 21:41:02] dataset=syn_cls_ill_conditioned solver=rsvd randomized_seed=19 n=180 p=120 q=6
[2026-08-24 21:41:02] dataset=syn_cls_ill_conditioned solver=rsvd randomized_seed=43 n=180 p=120 q=6
[2026-08-24 21:41:02] dataset=syn_cls_ill_conditioned solver=rsvd randomized_seed=123 n=180 p=120 q=6
[2026-08-24 21:41:02] dataset=Breast solver=irlba randomized_seed=NA n=150 p=200 q=3
[2026-08-24 21:41:03] dataset=Breast solver=rsvd randomized_seed=1 n=150 p=200 q=3
[2026-08-24 21:41:03] dataset=Breast solver=rsvd randomized_seed=7 n=150 p=200 q=3
[2026-08-24 21:41:04] dataset=Breast solver=rsvd randomized_seed=19 n=150 p=200 q=3
[2026-08-24 21:41:04] dataset=Breast solver=rsvd randomized_seed=43 n=150 p=200 q=3
[2026-08-24 21:41:05] dataset=Breast solver=rsvd randomized_seed=123 n=150 p=200 q=3
[2026-08-24 21:41:05] dataset=Colon solver=irlba randomized_seed=NA n=47 p=2000 q=2
[2026-08-24 21:41:06] dataset=Colon solver=rsvd randomized_seed=1 n=47 p=2000 q=2
[2026-08-24 21:41:07] dataset=Colon solver=rsvd randomized_seed=7 n=47 p=2000 q=2
[2026-08-24 21:41:07] dataset=Colon solver=rsvd randomized_seed=19 n=47 p=2000 q=2
[2026-08-24 21:41:08] dataset=Colon solver=rsvd randomized_seed=43 n=47 p=2000 q=2
[2026-08-24 21:41:09] dataset=Colon solver=rsvd randomized_seed=123 n=47 p=2000 q=2
[2026-08-24 21:41:09] dataset=MetRef solver=irlba randomized_seed=NA n=773 p=375 q=22
[2026-08-24 21:41:10] dataset=MetRef solver=rsvd randomized_seed=1 n=773 p=375 q=22
[2026-08-24 21:41:12] dataset=MetRef solver=rsvd randomized_seed=7 n=773 p=375 q=22
[2026-08-24 21:41:13] dataset=MetRef solver=rsvd randomized_seed=19 n=773 p=375 q=22
[2026-08-24 21:41:14] dataset=MetRef solver=rsvd randomized_seed=43 n=773 p=375 q=22
[2026-08-24 21:41:15] dataset=MetRef solver=rsvd randomized_seed=123 n=773 p=375 q=22
[2026-08-24 21:41:16] dataset=NMR_spectral_subset solver=irlba randomized_seed=NA n=600 p=300 q=120
[2026-08-24 21:41:18] dataset=NMR_spectral_subset solver=rsvd randomized_seed=1 n=600 p=300 q=120
[2026-08-24 21:41:20] dataset=NMR_spectral_subset solver=rsvd randomized_seed=7 n=600 p=300 q=120
[2026-08-24 21:41:22] dataset=NMR_spectral_subset solver=rsvd randomized_seed=19 n=600 p=300 q=120
[2026-08-24 21:41:24] dataset=NMR_spectral_subset solver=rsvd randomized_seed=43 n=600 p=300 q=120
[2026-08-24 21:41:26] dataset=NMR_spectral_subset solver=rsvd randomized_seed=123 n=600 p=300 q=120
  endpoint_runs endpoint_failures cv_runs cv_failures
1           168                 0      72           0
  deterministic_endpoint_rows deterministic_endpoint_tolerance_passes
1                         117                                     117
  deterministic_endpoint_tolerance_failures rsvd_endpoint_rows
1                                         0                585
  rsvd_approximation_passes rsvd_approximation_failures
1                       585                           0
  deterministic_cv_selection_agreement
1                                    1
     source      task_type prediction_relative_error coefficient_relative_error
1      real classification              6.947760e-06               9.945248e-06
2 synthetic classification              2.551745e-08               4.911602e-08
3      real     regression              8.254958e-14               9.854337e-13
4 synthetic     regression              1.093696e-05               1.129478e-05
  score_subspace_max_angle_degrees projection_subspace_max_angle_degrees
1                     8.828618e-04                          8.676659e-04
2                     2.091310e-06                          3.078325e-06
3                     2.258873e-06                          1.707547e-06
4                     1.430043e-03                          1.450852e-03
  loading_subspace_max_angle_degrees metric_absolute_difference
1                       9.100446e-04               0.000000e+00
2                       2.561321e-06               0.000000e+00
3                       1.707547e-06               4.206704e-17
4                       1.405624e-03               1.921685e-06
Results: /private/tmp/fastpls_09923_final_cpu_audit
