2026-08-24 21:44:22 synthetic_high_rank_response
2026-08-24 21:44:26 MetRef
There were 20 warnings (use warnings() to see them)
                        dataset oversample power
1                        MetRef         10     1
2  synthetic_high_rank_response         10     1
3                        MetRef         20     1
4  synthetic_high_rank_response         20     1
5                        MetRef         10     2
6  synthetic_high_rank_response         10     2
7                        MetRef         20     2
8  synthetic_high_rank_response         20     2
9                        MetRef         10     4
10 synthetic_high_rank_response         10     4
11                       MetRef         20     4
12 synthetic_high_rank_response         20     4
   approximation_tolerance_pass.checks approximation_tolerance_pass.passed
1                                   20                                   0
2                                   20                                   0
3                                   20                                  20
4                                   20                                  20
5                                   20                                   8
6                                   20                                  19
7                                   20                                  20
8                                   20                                  20
9                                   20                                  20
10                                  20                                  20
11                                  20                                  20
12                                  20                                  20
   approximation_tolerance_pass.failed
1                                   20
2                                   20
3                                    0
4                                    0
5                                   12
6                                    1
7                                    0
8                                    0
9                                    0
10                                   0
11                                   0
12                                   0
One or more CUDA rSVD rows failed the prespecified approximation criteria.
